  0 1 2 3 4 5 6 7 8 9 
0 . . . . . . . . . . 
1 . x x . . . . . . . 
2 . x x . . . . . . . 
3 . . . . . . . . . . 
4 . . . . . . . . . . 
5 . . . . . . . . . . 
6 . . . . . . . . . . 
7 . . . . . . . . . . 
8 . . . . . . . . . . 
9 . . . . . . . . . . 
